// Jest Snapshot v1, https://goo.gl/fbAQLP

exports[`gets a thing 1`] = `
Object {
  "getThing": Object {
    "two": "thing 2",
  },
}
`;
