// Jest Snapshot v1, https://goo.gl/fbAQLP

exports[`works 1`] = `
Object {
  "getThing": Object {
    "two": "thing 2 because",
  },
}
`;
